// Jest Snapshot v1, https://goo.gl/fbAQLP

exports[`create-project should be able to export schema 1`] = `
Object {
  "WARNING": "[WARNING] This file is generated by running \`$ qore codegen\` on your root project, please do not edit",
  "endpoint": "https://stg-qore-app.qorebase.io",
  "organizationId": "lIdfC42DJCN2XzQ",
  "projectId": "xmS7YA50agpAhd3",
  "version": "v1",
}
`;
